Mono path[0] = 'D:/Document/Unity/Project/Dice/Build/Dice_Data/Managed'
Mono config path = 'D:/Document/Unity/Project/Dice/Build/MonoBleedingEdge/etc'
Input System module state changed to: Initialized.
[Physics::Module] Initialized fallback backend.
[Physics::Module] Id: 0xdecafbad
Initialize engine version: 6000.0.81f1 (6238fec1e98f)
[Subsystems] Discovering subsystems at path D:/Document/Unity/Project/Dice/Build/Dice_Data/UnitySubsystems
Forcing GfxDevice: Null
GfxDevice: creating device client; kGfxThreadingModeNonThreaded
NullGfxDevice:
    Version:  NULL 1.0 [1.0]
    Renderer: Null Device
    Vendor:   Unity Technologies
Begin MonoManager ReloadAssembly
- Loaded All Assemblies, in  0.207 seconds
- Finished resetting the current domain, in  0.004 seconds
[Physics::Module] Selected backend.
[Physics::Module] Name: PhysX
[Physics::Module] Id: 0xf2b8ea05
[Physics::Module] SDK Version: 4.1.2
[Physics::Module] Integration Version: 1.0.0
[Physics::Module] Threading Mode: Multi-Threaded
Microsoft Media Foundation video decoding to texture disabled: graphics device is Null, only Direct3D 11 and Direct3D 12 (only on desktop) are supported for hardware-accelerated video decoding.
<b>[App UI]</b> Unable to find an AppUISettings instance, creating a default one...
UnloadTime: 0.507800 ms
LaunchArgs: training launch mode=Single forceMlAgent=True skipIntro=True
HDR Render Texture not supported, disabling HDR on reflection probe.
Registered Communicator in Agent.
Fewer observations (6) made than vector observation size (214). The observations will be padded.
Unloading 5 Unused Serialized files (Serialized files now loaded: 0)
UnloadTime: 5.109300 ms
HDR Render Texture not supported, disabling HDR on reflection probe.
Unloading 24 unused Assets to reduce memory usage. Loaded Objects now: 4479.
Total: 3.147100 ms (FindLiveObjects: 0.167100 ms CreateObjectMapping: 0.100400 ms MarkObjects: 2.826300 ms  DeleteObjects: 0.053000 ms)

Fewer observations (6) made than vector observation size (214). The observations will be padded.
Unloading 2 Unused Serialized files (Serialized files now loaded: 0)
UnloadTime: 0.500700 ms
HDR Render Texture not supported, disabling HDR on reflection probe.
Unloading 23 unused Assets to reduce memory usage. Loaded Objects now: 4479.
Total: 2.968500 ms (FindLiveObjects: 0.212500 ms CreateObjectMapping: 0.098100 ms MarkObjects: 2.590100 ms  DeleteObjects: 0.067600 ms)

Fewer observations (6) made than vector observation size (214). The observations will be padded.
Unloading 2 Unused Serialized files (Serialized files now loaded: 0)
UnloadTime: 0.542000 ms
HDR Render Texture not supported, disabling HDR on reflection probe.
Unloading 23 unused Assets to reduce memory usage. Loaded Objects now: 4479.
Total: 1.964700 ms (FindLiveObjects: 0.181500 ms CreateObjectMapping: 0.081700 ms MarkObjects: 1.662300 ms  DeleteObjects: 0.039100 ms)

Fewer observations (6) made than vector observation size (214). The observations will be padded.
DiceRegistry: overwriting bottom at (5,4) existing=DiceEntity_4_3_Bottom_Normal incoming=DiceEntity_4_5_Bottom_Normal
TryGetTierFallSupportOwner: fallenDice=DiceEntity_4_3_Bottom_Normal owner=True
TryResolveAttackerForTierFall: resolved attacker=Player1 from support owner
Unloading 2 Unused Serialized files (Serialized files now loaded: 0)
UnloadTime: 0.881900 ms
HDR Render Texture not supported, disabling HDR on reflection probe.
Unloading 23 unused Assets to reduce memory usage. Loaded Objects now: 4479.
Total: 2.838900 ms (FindLiveObjects: 0.246100 ms CreateObjectMapping: 0.347400 ms MarkObjects: 2.168600 ms  DeleteObjects: 0.076500 ms)

Fewer observations (6) made than vector observation size (214). The observations will be padded.
Unloading 2 Unused Serialized files (Serialized files now loaded: 0)
UnloadTime: 0.579800 ms
HDR Render Texture not supported, disabling HDR on reflection probe.
Unloading 23 unused Assets to reduce memory usage. Loaded Objects now: 4479.
Total: 1.879300 ms (FindLiveObjects: 0.174500 ms CreateObjectMapping: 0.085100 ms MarkObjects: 1.581900 ms  DeleteObjects: 0.037600 ms)

Fewer observations (6) made than vector observation size (214). The observations will be padded.
Unloading 2 Unused Serialized files (Serialized files now loaded: 0)
UnloadTime: 0.856200 ms
HDR Render Texture not supported, disabling HDR on reflection probe.
Unloading 23 unused Assets to reduce memory usage. Loaded Objects now: 4479.
Total: 2.681000 ms (FindLiveObjects: 0.208500 ms CreateObjectMapping: 0.231700 ms MarkObjects: 2.183200 ms  DeleteObjects: 0.057300 ms)

Fewer observations (6) made than vector observation size (214). The observations will be padded.
Unloading 2 Unused Serialized files (Serialized files now loaded: 0)
UnloadTime: 0.712600 ms
HDR Render Texture not supported, disabling HDR on reflection probe.
Unloading 23 unused Assets to reduce memory usage. Loaded Objects now: 4479.
Total: 2.256400 ms (FindLiveObjects: 0.192100 ms CreateObjectMapping: 0.088800 ms MarkObjects: 1.919300 ms  DeleteObjects: 0.055900 ms)

Fewer observations (6) made than vector observation size (214). The observations will be padded.
Unloading 2 Unused Serialized files (Serialized files now loaded: 0)
UnloadTime: 0.754000 ms
HDR Render Texture not supported, disabling HDR on reflection probe.
Unloading 23 unused Assets to reduce memory usage. Loaded Objects now: 4479.
Total: 3.578800 ms (FindLiveObjects: 0.308700 ms CreateObjectMapping: 0.251300 ms MarkObjects: 2.968600 ms  DeleteObjects: 0.050100 ms)

Fewer observations (6) made than vector observation size (214). The observations will be padded.
Unloading 2 Unused Serialized files (Serialized files now loaded: 0)
UnloadTime: 0.513900 ms
HDR Render Texture not supported, disabling HDR on reflection probe.
Unloading 23 unused Assets to reduce memory usage. Loaded Objects now: 4479.
Total: 2.167500 ms (FindLiveObjects: 0.181200 ms CreateObjectMapping: 0.082600 ms MarkObjects: 1.850200 ms  DeleteObjects: 0.053200 ms)

Fewer observations (6) made than vector observation size (214). The observations will be padded.
Unloading 2 Unused Serialized files (Serialized files now loaded: 0)
UnloadTime: 0.475500 ms
HDR Render Texture not supported, disabling HDR on reflection probe.
Unloading 23 unused Assets to reduce memory usage. Loaded Objects now: 4479.
Total: 1.852200 ms (FindLiveObjects: 0.160000 ms CreateObjectMapping: 0.105800 ms MarkObjects: 1.550300 ms  DeleteObjects: 0.035900 ms)

Fewer observations (6) made than vector observation size (214). The observations will be padded.
Unloading 2 Unused Serialized files (Serialized files now loaded: 0)
UnloadTime: 0.528100 ms
HDR Render Texture not supported, disabling HDR on reflection probe.
Unloading 23 unused Assets to reduce memory usage. Loaded Objects now: 4479.
Total: 1.918300 ms (FindLiveObjects: 0.187100 ms CreateObjectMapping: 0.120400 ms MarkObjects: 1.572900 ms  DeleteObjects: 0.037800 ms)

Fewer observations (6) made than vector observation size (214). The observations will be padded.
Unloading 2 Unused Serialized files (Serialized files now loaded: 0)
UnloadTime: 0.652000 ms
HDR Render Texture not supported, disabling HDR on reflection probe.
Unloading 23 unused Assets to reduce memory usage. Loaded Objects now: 4479.
Total: 3.259900 ms (FindLiveObjects: 0.402500 ms CreateObjectMapping: 0.274800 ms MarkObjects: 2.530700 ms  DeleteObjects: 0.051700 ms)

Fewer observations (6) made than vector observation size (214). The observations will be padded.
Unloading 2 Unused Serialized files (Serialized files now loaded: 0)
UnloadTime: 0.923500 ms
HDR Render Texture not supported, disabling HDR on reflection probe.
Unloading 23 unused Assets to reduce memory usage. Loaded Objects now: 4479.
Total: 2.120900 ms (FindLiveObjects: 0.192900 ms CreateObjectMapping: 0.112700 ms MarkObjects: 1.753100 ms  DeleteObjects: 0.061900 ms)

Fewer observations (6) made than vector observation size (214). The observations will be padded.
Unloading 2 Unused Serialized files (Serialized files now loaded: 0)
UnloadTime: 0.723300 ms
HDR Render Texture not supported, disabling HDR on reflection probe.
Unloading 23 unused Assets to reduce memory usage. Loaded Objects now: 4479.
Total: 2.838800 ms (FindLiveObjects: 0.223000 ms CreateObjectMapping: 0.095100 ms MarkObjects: 2.449500 ms  DeleteObjects: 0.071000 ms)

Fewer observations (6) made than vector observation size (214). The observations will be padded.
Unloading 2 Unused Serialized files (Serialized files now loaded: 0)
UnloadTime: 0.806900 ms
HDR Render Texture not supported, disabling HDR on reflection probe.
Unloading 23 unused Assets to reduce memory usage. Loaded Objects now: 4479.
Total: 2.552000 ms (FindLiveObjects: 0.304900 ms CreateObjectMapping: 0.367900 ms MarkObjects: 1.826500 ms  DeleteObjects: 0.052400 ms)

Fewer observations (6) made than vector observation size (214). The observations will be padded.
Unloading 2 Unused Serialized files (Serialized files now loaded: 0)
UnloadTime: 0.530300 ms
HDR Render Texture not supported, disabling HDR on reflection probe.
Unloading 23 unused Assets to reduce memory usage. Loaded Objects now: 4479.
Total: 2.326600 ms (FindLiveObjects: 0.424800 ms CreateObjectMapping: 0.105800 ms MarkObjects: 1.739700 ms  DeleteObjects: 0.056100 ms)

Fewer observations (6) made than vector observation size (214). The observations will be padded.
Unloading 2 Unused Serialized files (Serialized files now loaded: 0)
UnloadTime: 0.524000 ms
HDR Render Texture not supported, disabling HDR on reflection probe.
Unloading 23 unused Assets to reduce memory usage. Loaded Objects now: 4479.
Total: 2.233000 ms (FindLiveObjects: 0.170100 ms CreateObjectMapping: 0.084300 ms MarkObjects: 1.930200 ms  DeleteObjects: 0.048200 ms)

Fewer observations (6) made than vector observation size (214). The observations will be padded.
Unloading 2 Unused Serialized files (Serialized files now loaded: 0)
UnloadTime: 0.479300 ms
HDR Render Texture not supported, disabling HDR on reflection probe.
Unloading 23 unused Assets to reduce memory usage. Loaded Objects now: 4479.
Total: 2.433100 ms (FindLiveObjects: 0.184000 ms CreateObjectMapping: 0.080900 ms MarkObjects: 2.102900 ms  DeleteObjects: 0.065200 ms)

Fewer observations (6) made than vector observation size (214). The observations will be padded.
TryGetTierFallSupportOwner: fallenDice=DiceEntity_3_1_Bottom_Normal owner=False
MatchAttackerResolver: Failed to resolve tier-fall attacker. fallen=DiceEntity_3_1_Bottom_Normal cell=(2, 2) Expected a support owner or a sinking cluster member.
Unloading 2 Unused Serialized files (Serialized files now loaded: 0)
UnloadTime: 0.611200 ms
HDR Render Texture not supported, disabling HDR on reflection probe.
Unloading 23 unused Assets to reduce memory usage. Loaded Objects now: 4479.
Total: 3.803400 ms (FindLiveObjects: 0.289000 ms CreateObjectMapping: 0.126400 ms MarkObjects: 3.314800 ms  DeleteObjects: 0.073000 ms)

Fewer observations (6) made than vector observation size (214). The observations will be padded.
Unloading 2 Unused Serialized files (Serialized files now loaded: 0)
UnloadTime: 0.733000 ms
HDR Render Texture not supported, disabling HDR on reflection probe.
Unloading 23 unused Assets to reduce memory usage. Loaded Objects now: 4479.
Total: 2.810900 ms (FindLiveObjects: 0.265200 ms CreateObjectMapping: 0.093300 ms MarkObjects: 2.368500 ms  DeleteObjects: 0.083800 ms)

Fewer observations (6) made than vector observation size (214). The observations will be padded.
Unloading 2 Unused Serialized files (Serialized files now loaded: 0)
UnloadTime: 0.500200 ms
HDR Render Texture not supported, disabling HDR on reflection probe.
Unloading 23 unused Assets to reduce memory usage. Loaded Objects now: 4479.
Total: 1.980700 ms (FindLiveObjects: 0.322800 ms CreateObjectMapping: 0.085900 ms MarkObjects: 1.537700 ms  DeleteObjects: 0.034100 ms)

Fewer observations (6) made than vector observation size (214). The observations will be padded.
Unloading 2 Unused Serialized files (Serialized files now loaded: 0)
UnloadTime: 0.524700 ms
HDR Render Texture not supported, disabling HDR on reflection probe.
Unloading 23 unused Assets to reduce memory usage. Loaded Objects now: 4479.
Total: 2.779500 ms (FindLiveObjects: 0.160100 ms CreateObjectMapping: 0.111100 ms MarkObjects: 2.453200 ms  DeleteObjects: 0.054800 ms)

Fewer observations (6) made than vector observation size (214). The observations will be padded.
Unloading 2 Unused Serialized files (Serialized files now loaded: 0)
UnloadTime: 0.765400 ms
HDR Render Texture not supported, disabling HDR on reflection probe.
Unloading 23 unused Assets to reduce memory usage. Loaded Objects now: 4479.
Total: 3.234600 ms (FindLiveObjects: 0.310300 ms CreateObjectMapping: 0.154900 ms MarkObjects: 2.690200 ms  DeleteObjects: 0.078900 ms)

Fewer observations (6) made than vector observation size (214). The observations will be padded.
Unloading 2 Unused Serialized files (Serialized files now loaded: 0)
UnloadTime: 0.538300 ms
HDR Render Texture not supported, disabling HDR on reflection probe.
Unloading 23 unused Assets to reduce memory usage. Loaded Objects now: 4479.
Total: 2.072500 ms (FindLiveObjects: 0.169100 ms CreateObjectMapping: 0.145900 ms MarkObjects: 1.720900 ms  DeleteObjects: 0.036600 ms)

Fewer observations (6) made than vector observation size (214). The observations will be padded.
Unloading 2 Unused Serialized files (Serialized files now loaded: 0)
UnloadTime: 0.599400 ms
HDR Render Texture not supported, disabling HDR on reflection probe.
Unloading 23 unused Assets to reduce memory usage. Loaded Objects now: 4479.
Total: 2.374600 ms (FindLiveObjects: 0.188400 ms CreateObjectMapping: 0.261200 ms MarkObjects: 1.875100 ms  DeleteObjects: 0.049500 ms)

Fewer observations (6) made than vector observation size (214). The observations will be padded.
Unloading 2 Unused Serialized files (Serialized files now loaded: 0)
UnloadTime: 0.514100 ms
HDR Render Texture not supported, disabling HDR on reflection probe.
Unloading 23 unused Assets to reduce memory usage. Loaded Objects now: 4479.
Total: 2.720600 ms (FindLiveObjects: 0.181400 ms CreateObjectMapping: 0.172000 ms MarkObjects: 2.314300 ms  DeleteObjects: 0.052800 ms)

Fewer observations (6) made than vector observation size (214). The observations will be padded.
Unloading 2 Unused Serialized files (Serialized files now loaded: 0)
UnloadTime: 0.596900 ms
HDR Render Texture not supported, disabling HDR on reflection probe.
Unloading 23 unused Assets to reduce memory usage. Loaded Objects now: 4479.
Total: 2.910100 ms (FindLiveObjects: 0.274100 ms CreateObjectMapping: 0.149700 ms MarkObjects: 2.422800 ms  DeleteObjects: 0.063400 ms)

Fewer observations (6) made than vector observation size (214). The observations will be padded.
Unloading 2 Unused Serialized files (Serialized files now loaded: 0)
UnloadTime: 0.491600 ms
HDR Render Texture not supported, disabling HDR on reflection probe.
Unloading 23 unused Assets to reduce memory usage. Loaded Objects now: 4479.
Total: 3.173400 ms (FindLiveObjects: 0.182000 ms CreateObjectMapping: 0.437000 ms MarkObjects: 2.508100 ms  DeleteObjects: 0.046200 ms)

Fewer observations (6) made than vector observation size (214). The observations will be padded.
Unloading 2 Unused Serialized files (Serialized files now loaded: 0)
UnloadTime: 0.656500 ms
HDR Render Texture not supported, disabling HDR on reflection probe.
Unloading 23 unused Assets to reduce memory usage. Loaded Objects now: 4479.
Total: 3.313300 ms (FindLiveObjects: 0.302300 ms CreateObjectMapping: 0.398800 ms MarkObjects: 2.545900 ms  DeleteObjects: 0.066000 ms)

Fewer observations (6) made than vector observation size (214). The observations will be padded.
Unloading 2 Unused Serialized files (Serialized files now loaded: 0)
UnloadTime: 0.542900 ms
HDR Render Texture not supported, disabling HDR on reflection probe.
Unloading 23 unused Assets to reduce memory usage. Loaded Objects now: 4479.
Total: 2.106300 ms (FindLiveObjects: 0.336100 ms CreateObjectMapping: 0.122800 ms MarkObjects: 1.609700 ms  DeleteObjects: 0.037500 ms)

Fewer observations (6) made than vector observation size (214). The observations will be padded.
Unloading 2 Unused Serialized files (Serialized files now loaded: 0)
UnloadTime: 0.509700 ms
HDR Render Texture not supported, disabling HDR on reflection probe.
Unloading 23 unused Assets to reduce memory usage. Loaded Objects now: 4479.
Total: 2.298600 ms (FindLiveObjects: 0.167900 ms CreateObjectMapping: 0.136400 ms MarkObjects: 1.875000 ms  DeleteObjects: 0.119200 ms)

Fewer observations (6) made than vector observation size (214). The observations will be padded.
Unloading 2 Unused Serialized files (Serialized files now loaded: 0)
UnloadTime: 0.517600 ms
HDR Render Texture not supported, disabling HDR on reflection probe.
Unloading 23 unused Assets to reduce memory usage. Loaded Objects now: 4479.
Total: 2.042600 ms (FindLiveObjects: 0.158300 ms CreateObjectMapping: 0.135900 ms MarkObjects: 1.711200 ms  DeleteObjects: 0.037100 ms)

Fewer observations (6) made than vector observation size (214). The observations will be padded.
Unloading 2 Unused Serialized files (Serialized files now loaded: 0)
UnloadTime: 1.094000 ms
HDR Render Texture not supported, disabling HDR on reflection probe.
Unloading 23 unused Assets to reduce memory usage. Loaded Objects now: 4479.
Total: 4.697700 ms (FindLiveObjects: 0.302000 ms CreateObjectMapping: 0.102000 ms MarkObjects: 4.183700 ms  DeleteObjects: 0.109900 ms)

Fewer observations (6) made than vector observation size (214). The observations will be padded.
Unloading 2 Unused Serialized files (Serialized files now loaded: 0)
UnloadTime: 0.560300 ms
HDR Render Texture not supported, disabling HDR on reflection probe.
Unloading 23 unused Assets to reduce memory usage. Loaded Objects now: 4479.
Total: 2.144000 ms (FindLiveObjects: 0.222700 ms CreateObjectMapping: 0.089800 ms MarkObjects: 1.786900 ms  DeleteObjects: 0.044100 ms)

Fewer observations (6) made than vector observation size (214). The observations will be padded.
Unloading 2 Unused Serialized files (Serialized files now loaded: 0)
UnloadTime: 0.504100 ms
HDR Render Texture not supported, disabling HDR on reflection probe.
Unloading 23 unused Assets to reduce memory usage. Loaded Objects now: 4479.
Total: 3.449800 ms (FindLiveObjects: 0.339200 ms CreateObjectMapping: 0.179700 ms MarkObjects: 2.852600 ms  DeleteObjects: 0.078200 ms)

Fewer observations (6) made than vector observation size (214). The observations will be padded.
Unloading 2 Unused Serialized files (Serialized files now loaded: 0)
UnloadTime: 0.621600 ms
HDR Render Texture not supported, disabling HDR on reflection probe.
Unloading 23 unused Assets to reduce memory usage. Loaded Objects now: 4479.
Total: 1.819900 ms (FindLiveObjects: 0.175500 ms CreateObjectMapping: 0.083400 ms MarkObjects: 1.519000 ms  DeleteObjects: 0.041800 ms)

Fewer observations (6) made than vector observation size (214). The observations will be padded.
Unloading 2 Unused Serialized files (Serialized files now loaded: 0)
UnloadTime: 0.913500 ms
HDR Render Texture not supported, disabling HDR on reflection probe.
Unloading 23 unused Assets to reduce memory usage. Loaded Objects now: 4479.
Total: 3.360300 ms (FindLiveObjects: 0.440400 ms CreateObjectMapping: 0.114000 ms MarkObjects: 2.744600 ms  DeleteObjects: 0.061200 ms)

Fewer observations (6) made than vector observation size (214). The observations will be padded.
Unloading 2 Unused Serialized files (Serialized files now loaded: 0)
UnloadTime: 0.777400 ms
HDR Render Texture not supported, disabling HDR on reflection probe.
Unloading 23 unused Assets to reduce memory usage. Loaded Objects now: 4479.
Total: 2.504500 ms (FindLiveObjects: 0.246100 ms CreateObjectMapping: 0.246400 ms MarkObjects: 1.968700 ms  DeleteObjects: 0.043200 ms)

Fewer observations (6) made than vector observation size (214). The observations will be padded.
Unloading 2 Unused Serialized files (Serialized files now loaded: 0)
UnloadTime: 0.755300 ms
HDR Render Texture not supported, disabling HDR on reflection probe.
Unloading 23 unused Assets to reduce memory usage. Loaded Objects now: 4479.
Total: 3.002000 ms (FindLiveObjects: 0.258100 ms CreateObjectMapping: 0.096500 ms MarkObjects: 2.555700 ms  DeleteObjects: 0.091600 ms)

Fewer observations (6) made than vector observation size (214). The observations will be padded.
Unloading 2 Unused Serialized files (Serialized files now loaded: 0)
UnloadTime: 0.517800 ms
HDR Render Texture not supported, disabling HDR on reflection probe.
Unloading 23 unused Assets to reduce memory usage. Loaded Objects now: 4479.
Total: 3.348100 ms (FindLiveObjects: 0.223900 ms CreateObjectMapping: 0.371600 ms MarkObjects: 2.704100 ms  DeleteObjects: 0.048200 ms)

Fewer observations (6) made than vector observation size (214). The observations will be padded.
Unloading 2 Unused Serialized files (Serialized files now loaded: 0)
UnloadTime: 0.841600 ms
HDR Render Texture not supported, disabling HDR on reflection probe.
Unloading 23 unused Assets to reduce memory usage. Loaded Objects now: 4479.
Total: 3.541800 ms (FindLiveObjects: 0.263200 ms CreateObjectMapping: 0.392600 ms MarkObjects: 2.818500 ms  DeleteObjects: 0.067400 ms)

Fewer observations (6) made than vector observation size (214). The observations will be padded.
Unloading 2 Unused Serialized files (Serialized files now loaded: 0)
UnloadTime: 0.630700 ms
HDR Render Texture not supported, disabling HDR on reflection probe.
Unloading 23 unused Assets to reduce memory usage. Loaded Objects now: 4479.
Total: 2.755100 ms (FindLiveObjects: 0.246500 ms CreateObjectMapping: 0.294000 ms MarkObjects: 2.175200 ms  DeleteObjects: 0.039200 ms)

Fewer observations (6) made than vector observation size (214). The observations will be padded.
Unloading 2 Unused Serialized files (Serialized files now loaded: 0)
UnloadTime: 0.590700 ms
HDR Render Texture not supported, disabling HDR on reflection probe.
Unloading 23 unused Assets to reduce memory usage. Loaded Objects now: 4479.
Total: 2.348700 ms (FindLiveObjects: 0.171400 ms CreateObjectMapping: 0.082500 ms MarkObjects: 2.048700 ms  DeleteObjects: 0.045900 ms)

Fewer observations (6) made than vector observation size (214). The observations will be padded.
Unloading 2 Unused Serialized files (Serialized files now loaded: 0)
UnloadTime: 0.772300 ms
HDR Render Texture not supported, disabling HDR on reflection probe.
Unloading 23 unused Assets to reduce memory usage. Loaded Objects now: 4479.
Total: 4.288700 ms (FindLiveObjects: 0.365200 ms CreateObjectMapping: 0.263400 ms MarkObjects: 3.494900 ms  DeleteObjects: 0.165000 ms)

Fewer observations (6) made than vector observation size (214). The observations will be padded.
Unloading 2 Unused Serialized files (Serialized files now loaded: 0)
UnloadTime: 0.734200 ms
HDR Render Texture not supported, disabling HDR on reflection probe.
Unloading 23 unused Assets to reduce memory usage. Loaded Objects now: 4479.
Total: 2.475700 ms (FindLiveObjects: 0.175300 ms CreateObjectMapping: 0.165200 ms MarkObjects: 2.095000 ms  DeleteObjects: 0.040000 ms)

Fewer observations (6) made than vector observation size (214). The observations will be padded.
Unloading 2 Unused Serialized files (Serialized files now loaded: 0)
UnloadTime: 0.727700 ms
HDR Render Texture not supported, disabling HDR on reflection probe.
Unloading 23 unused Assets to reduce memory usage. Loaded Objects now: 4479.
Total: 2.895100 ms (FindLiveObjects: 0.244600 ms CreateObjectMapping: 0.097000 ms MarkObjects: 2.490800 ms  DeleteObjects: 0.062400 ms)

Fewer observations (6) made than vector observation size (214). The observations will be padded.
Unloading 2 Unused Serialized files (Serialized files now loaded: 0)
UnloadTime: 0.613100 ms
HDR Render Texture not supported, disabling HDR on reflection probe.
Unloading 23 unused Assets to reduce memory usage. Loaded Objects now: 4479.
Total: 2.176700 ms (FindLiveObjects: 0.160500 ms CreateObjectMapping: 0.114500 ms MarkObjects: 1.865100 ms  DeleteObjects: 0.036500 ms)

Fewer observations (6) made than vector observation size (214). The observations will be padded.
Unloading 2 Unused Serialized files (Serialized files now loaded: 0)
UnloadTime: 0.747100 ms
HDR Render Texture not supported, disabling HDR on reflection probe.
Unloading 23 unused Assets to reduce memory usage. Loaded Objects now: 4479.
Total: 3.552300 ms (FindLiveObjects: 0.255100 ms CreateObjectMapping: 0.316400 ms MarkObjects: 2.936500 ms  DeleteObjects: 0.044100 ms)

Fewer observations (6) made than vector observation size (214). The observations will be padded.
Unloading 2 Unused Serialized files (Serialized files now loaded: 0)
UnloadTime: 1.013700 ms
HDR Render Texture not supported, disabling HDR on reflection probe.
Unloading 23 unused Assets to reduce memory usage. Loaded Objects now: 4479.
Total: 3.478500 ms (FindLiveObjects: 0.256000 ms CreateObjectMapping: 0.320000 ms MarkObjects: 2.835100 ms  DeleteObjects: 0.067200 ms)

Fewer observations (6) made than vector observation size (214). The observations will be padded.
Unloading 2 Unused Serialized files (Serialized files now loaded: 0)
UnloadTime: 0.803900 ms
HDR Render Texture not supported, disabling HDR on reflection probe.
Unloading 23 unused Assets to reduce memory usage. Loaded Objects now: 4479.
Total: 3.677100 ms (FindLiveObjects: 0.380000 ms CreateObjectMapping: 0.649900 ms MarkObjects: 2.596400 ms  DeleteObjects: 0.050600 ms)

Fewer observations (6) made than vector observation size (214). The observations will be padded.
Unloading 2 Unused Serialized files (Serialized files now loaded: 0)
UnloadTime: 0.508900 ms
HDR Render Texture not supported, disabling HDR on reflection probe.
Unloading 23 unused Assets to reduce memory usage. Loaded Objects now: 4479.
Total: 1.919800 ms (FindLiveObjects: 0.161800 ms CreateObjectMapping: 0.112400 ms MarkObjects: 1.611200 ms  DeleteObjects: 0.034300 ms)

Fewer observations (6) made than vector observation size (214). The observations will be padded.
Unloading 2 Unused Serialized files (Serialized files now loaded: 0)
UnloadTime: 0.690600 ms
HDR Render Texture not supported, disabling HDR on reflection probe.
Unloading 23 unused Assets to reduce memory usage. Loaded Objects now: 4479.
Total: 2.789200 ms (FindLiveObjects: 0.387800 ms CreateObjectMapping: 0.377600 ms MarkObjects: 1.976600 ms  DeleteObjects: 0.047100 ms)

Fewer observations (6) made than vector observation size (214). The observations will be padded.
Unloading 2 Unused Serialized files (Serialized files now loaded: 0)
UnloadTime: 0.657400 ms
HDR Render Texture not supported, disabling HDR on reflection probe.
Unloading 23 unused Assets to reduce memory usage. Loaded Objects now: 4479.
Total: 2.097600 ms (FindLiveObjects: 0.176800 ms CreateObjectMapping: 0.158300 ms MarkObjects: 1.725100 ms  DeleteObjects: 0.037300 ms)

Fewer observations (6) made than vector observation size (214). The observations will be padded.
Unloading 2 Unused Serialized files (Serialized files now loaded: 0)
UnloadTime: 0.789600 ms
HDR Render Texture not supported, disabling HDR on reflection probe.
Unloading 23 unused Assets to reduce memory usage. Loaded Objects now: 4479.
Total: 2.960000 ms (FindLiveObjects: 0.244000 ms CreateObjectMapping: 0.098900 ms MarkObjects: 2.565200 ms  DeleteObjects: 0.051700 ms)

Fewer observations (6) made than vector observation size (214). The observations will be padded.
Unloading 2 Unused Serialized files (Serialized files now loaded: 0)
UnloadTime: 0.526200 ms
HDR Render Texture not supported, disabling HDR on reflection probe.
Unloading 23 unused Assets to reduce memory usage. Loaded Objects now: 4479.
Total: 2.054300 ms (FindLiveObjects: 0.162800 ms CreateObjectMapping: 0.083300 ms MarkObjects: 1.769600 ms  DeleteObjects: 0.038500 ms)

Fewer observations (6) made than vector observation size (214). The observations will be padded.
Unloading 2 Unused Serialized files (Serialized files now loaded: 0)
UnloadTime: 0.513600 ms
HDR Render Texture not supported, disabling HDR on reflection probe.
Unloading 23 unused Assets to reduce memory usage. Loaded Objects now: 4479.
Total: 1.900000 ms (FindLiveObjects: 0.161000 ms CreateObjectMapping: 0.112100 ms MarkObjects: 1.593200 ms  DeleteObjects: 0.033700 ms)

Fewer observations (6) made than vector observation size (214). The observations will be padded.
Unloading 2 Unused Serialized files (Serialized files now loaded: 0)
UnloadTime: 0.635600 ms
HDR Render Texture not supported, disabling HDR on reflection probe.
Unloading 23 unused Assets to reduce memory usage. Loaded Objects now: 4479.
Total: 2.462300 ms (FindLiveObjects: 0.174300 ms CreateObjectMapping: 0.140700 ms MarkObjects: 2.088500 ms  DeleteObjects: 0.058500 ms)

Fewer observations (6) made than vector observation size (214). The observations will be padded.
Unloading 2 Unused Serialized files (Serialized files now loaded: 0)
UnloadTime: 0.652100 ms
HDR Render Texture not supported, disabling HDR on reflection probe.
Unloading 23 unused Assets to reduce memory usage. Loaded Objects now: 4479.
Total: 3.746500 ms (FindLiveObjects: 0.474800 ms CreateObjectMapping: 0.355000 ms MarkObjects: 2.863300 ms  DeleteObjects: 0.053300 ms)

Fewer observations (6) made than vector observation size (214). The observations will be padded.
Unloading 2 Unused Serialized files (Serialized files now loaded: 0)
UnloadTime: 0.485600 ms
HDR Render Texture not supported, disabling HDR on reflection probe.
Unloading 23 unused Assets to reduce memory usage. Loaded Objects now: 4479.
Total: 2.027100 ms (FindLiveObjects: 0.204000 ms CreateObjectMapping: 0.226100 ms MarkObjects: 1.562200 ms  DeleteObjects: 0.034500 ms)

Fewer observations (6) made than vector observation size (214). The observations will be padded.
Unloading 2 Unused Serialized files (Serialized files now loaded: 0)
UnloadTime: 0.703600 ms
HDR Render Texture not supported, disabling HDR on reflection probe.
Unloading 23 unused Assets to reduce memory usage. Loaded Objects now: 4479.
Total: 2.212300 ms (FindLiveObjects: 0.158900 ms CreateObjectMapping: 0.135200 ms MarkObjects: 1.878200 ms  DeleteObjects: 0.039800 ms)

Fewer observations (6) made than vector observation size (214). The observations will be padded.
Unloading 2 Unused Serialized files (Serialized files now loaded: 0)
UnloadTime: 0.819400 ms
HDR Render Texture not supported, disabling HDR on reflection probe.
Unloading 23 unused Assets to reduce memory usage. Loaded Objects now: 4479.
Total: 3.229000 ms (FindLiveObjects: 0.401900 ms CreateObjectMapping: 0.459900 ms MarkObjects: 2.314900 ms  DeleteObjects: 0.052000 ms)

Fewer observations (6) made than vector observation size (214). The observations will be padded.
Unloading 2 Unused Serialized files (Serialized files now loaded: 0)
UnloadTime: 0.711300 ms
HDR Render Texture not supported, disabling HDR on reflection probe.
Unloading 23 unused Assets to reduce memory usage. Loaded Objects now: 4479.
Total: 2.601500 ms (FindLiveObjects: 0.208600 ms CreateObjectMapping: 0.255500 ms MarkObjects: 2.094200 ms  DeleteObjects: 0.043200 ms)

Fewer observations (6) made than vector observation size (214). The observations will be padded.
Unloading 2 Unused Serialized files (Serialized files now loaded: 0)
UnloadTime: 0.571500 ms
HDR Render Texture not supported, disabling HDR on reflection probe.
Unloading 23 unused Assets to reduce memory usage. Loaded Objects now: 4479.
Total: 2.905500 ms (FindLiveObjects: 0.193200 ms CreateObjectMapping: 0.263300 ms MarkObjects: 2.401500 ms  DeleteObjects: 0.047300 ms)

Fewer observations (6) made than vector observation size (214). The observations will be padded.
Unloading 2 Unused Serialized files (Serialized files now loaded: 0)
UnloadTime: 0.671100 ms
HDR Render Texture not supported, disabling HDR on reflection probe.
Unloading 23 unused Assets to reduce memory usage. Loaded Objects now: 4479.
Total: 5.492100 ms (FindLiveObjects: 0.423700 ms CreateObjectMapping: 0.299900 ms MarkObjects: 4.694000 ms  DeleteObjects: 0.074300 ms)

Fewer observations (6) made than vector observation size (214). The observations will be padded.
Unloading 2 Unused Serialized files (Serialized files now loaded: 0)
UnloadTime: 0.489600 ms
HDR Render Texture not supported, disabling HDR on reflection probe.
Unloading 23 unused Assets to reduce memory usage. Loaded Objects now: 4479.
Total: 2.456100 ms (FindLiveObjects: 0.179400 ms CreateObjectMapping: 0.127600 ms MarkObjects: 2.107500 ms  DeleteObjects: 0.041300 ms)

Fewer observations (6) made than vector observation size (214). The observations will be padded.
Unloading 2 Unused Serialized files (Serialized files now loaded: 0)
UnloadTime: 0.490600 ms
HDR Render Texture not supported, disabling HDR on reflection probe.
Unloading 23 unused Assets to reduce memory usage. Loaded Objects now: 4479.
Total: 2.482800 ms (FindLiveObjects: 0.192500 ms CreateObjectMapping: 0.158600 ms MarkObjects: 2.089200 ms  DeleteObjects: 0.042300 ms)

Fewer observations (6) made than vector observation size (214). The observations will be padded.
Unloading 2 Unused Serialized files (Serialized files now loaded: 0)
UnloadTime: 0.552400 ms
HDR Render Texture not supported, disabling HDR on reflection probe.
Unloading 23 unused Assets to reduce memory usage. Loaded Objects now: 4479.
Total: 2.388700 ms (FindLiveObjects: 0.186800 ms CreateObjectMapping: 0.165100 ms MarkObjects: 1.995400 ms  DeleteObjects: 0.041300 ms)

Fewer observations (6) made than vector observation size (214). The observations will be padded.
Unloading 2 Unused Serialized files (Serialized files now loaded: 0)
UnloadTime: 0.493000 ms
HDR Render Texture not supported, disabling HDR on reflection probe.
Unloading 23 unused Assets to reduce memory usage. Loaded Objects now: 4479.
Total: 1.987400 ms (FindLiveObjects: 0.181100 ms CreateObjectMapping: 0.161600 ms MarkObjects: 1.605900 ms  DeleteObjects: 0.038600 ms)

Fewer observations (6) made than vector observation size (214). The observations will be padded.
Unloading 2 Unused Serialized files (Serialized files now loaded: 0)
UnloadTime: 0.503400 ms
HDR Render Texture not supported, disabling HDR on reflection probe.
Unloading 23 unused Assets to reduce memory usage. Loaded Objects now: 4479.
Total: 2.131000 ms (FindLiveObjects: 0.174700 ms CreateObjectMapping: 0.161200 ms MarkObjects: 1.755500 ms  DeleteObjects: 0.039500 ms)

Fewer observations (6) made than vector observation size (214). The observations will be padded.
Unloading 2 Unused Serialized files (Serialized files now loaded: 0)
UnloadTime: 0.521500 ms
HDR Render Texture not supported, disabling HDR on reflection probe.
Unloading 23 unused Assets to reduce memory usage. Loaded Objects now: 4479.
Total: 2.071800 ms (FindLiveObjects: 0.167500 ms CreateObjectMapping: 0.149400 ms MarkObjects: 1.713100 ms  DeleteObjects: 0.041700 ms)

Fewer observations (6) made than vector observation size (214). The observations will be padded.
Unloading 2 Unused Serialized files (Serialized files now loaded: 0)
UnloadTime: 0.483100 ms
HDR Render Texture not supported, disabling HDR on reflection probe.
Unloading 23 unused Assets to reduce memory usage. Loaded Objects now: 4479.
Total: 1.937500 ms (FindLiveObjects: 0.161400 ms CreateObjectMapping: 0.133700 ms MarkObjects: 1.604400 ms  DeleteObjects: 0.037700 ms)

Fewer observations (6) made than vector observation size (214). The observations will be padded.
Unloading 2 Unused Serialized files (Serialized files now loaded: 0)
UnloadTime: 0.477700 ms
HDR Render Texture not supported, disabling HDR on reflection probe.
Unloading 23 unused Assets to reduce memory usage. Loaded Objects now: 4479.
Total: 2.228400 ms (FindLiveObjects: 0.177200 ms CreateObjectMapping: 0.157400 ms MarkObjects: 1.851700 ms  DeleteObjects: 0.041900 ms)

Fewer observations (6) made than vector observation size (214). The observations will be padded.
Unloading 2 Unused Serialized files (Serialized files now loaded: 0)
UnloadTime: 0.516900 ms
HDR Render Texture not supported, disabling HDR on reflection probe.
Unloading 23 unused Assets to reduce memory usage. Loaded Objects now: 4479.
Total: 1.903100 ms (FindLiveObjects: 0.162800 ms CreateObjectMapping: 0.128000 ms MarkObjects: 1.575000 ms  DeleteObjects: 0.037200 ms)

Fewer observations (6) made than vector observation size (214). The observations will be padded.
Unloading 2 Unused Serialized files (Serialized files now loaded: 0)
UnloadTime: 0.478600 ms
HDR Render Texture not supported, disabling HDR on reflection probe.
Unloading 23 unused Assets to reduce memory usage. Loaded Objects now: 4479.
Total: 1.922100 ms (FindLiveObjects: 0.163100 ms CreateObjectMapping: 0.125700 ms MarkObjects: 1.596200 ms  DeleteObjects: 0.036800 ms)

Fewer observations (6) made than vector observation size (214). The observations will be padded.
Unloading 2 Unused Serialized files (Serialized files now loaded: 0)
UnloadTime: 0.491600 ms
HDR Render Texture not supported, disabling HDR on reflection probe.
Unloading 23 unused Assets to reduce memory usage. Loaded Objects now: 4479.
Total: 2.010000 ms (FindLiveObjects: 0.168600 ms CreateObjectMapping: 0.131000 ms MarkObjects: 1.672000 ms  DeleteObjects: 0.038200 ms)

Fewer observations (6) made than vector observation size (214). The observations will be padded.
Unloading 2 Unused Serialized files (Serialized files now loaded: 0)
UnloadTime: 0.473000 ms
HDR Render Texture not supported, disabling HDR on reflection probe.
Unloading 23 unused Assets to reduce memory usage. Loaded Objects now: 4479.
Total: 2.188400 ms (FindLiveObjects: 0.161800 ms CreateObjectMapping: 0.143800 ms MarkObjects: 1.843300 ms  DeleteObjects: 0.039400 ms)

Fewer observations (6) made than vector observation size (214). The observations will be padded.
Unloading 2 Unused Serialized files (Serialized files now loaded: 0)
UnloadTime: 0.518000 ms
HDR Render Texture not supported, disabling HDR on reflection probe.
Unloading 23 unused Assets to reduce memory usage. Loaded Objects now: 4479.
Total: 1.918200 ms (FindLiveObjects: 0.163000 ms CreateObjectMapping: 0.125900 ms MarkObjects: 1.590800 ms  DeleteObjects: 0.038300 ms)

Fewer observations (6) made than vector observation size (214). The observations will be padded.
Unloading 2 Unused Serialized files (Serialized files now loaded: 0)
UnloadTime: 0.478100 ms
HDR Render Texture not supported, disabling HDR on reflection probe.
Unloading 23 unused Assets to reduce memory usage. Loaded Objects now: 4479.
Total: 2.027400 ms (FindLiveObjects: 0.165300 ms CreateObjectMapping: 0.126100 ms MarkObjects: 1.696700 ms  DeleteObjects: 0.039100 ms)

Fewer observations (6) made than vector observation size (214). The observations will be padded.
Unloading 2 Unused Serialized files (Serialized files now loaded: 0)
UnloadTime: 0.476200 ms
HDR Render Texture not supported, disabling HDR on reflection probe.
Unloading 23 unused Assets to reduce memory usage. Loaded Objects now: 4479.
Total: 1.914000 ms (FindLiveObjects: 0.166900 ms CreateObjectMapping: 0.119700 ms MarkObjects: 1.587500 ms  DeleteObjects: 0.039800 ms)

Fewer observations (6) made than vector observation size (214). The observations will be padded.
Unloading 2 Unused Serialized files (Serialized files now loaded: 0)
UnloadTime: 0.482200 ms
HDR Render Texture not supported, disabling HDR on reflection probe.
Unloading 23 unused Assets to reduce memory usage. Loaded Objects now: 4479.
Total: 1.972800 ms (FindLiveObjects: 0.160100 ms CreateObjectMapping: 0.132900 ms MarkObjects: 1.643900 ms  DeleteObjects: 0.035800 ms)

Fewer observations (6) made than vector observation size (214). The observations will be padded.
Unloading 2 Unused Serialized files (Serialized files now loaded: 0)
UnloadTime: 0.468900 ms
HDR Render Texture not supported, disabling HDR on reflection probe.
Unloading 23 unused Assets to reduce memory usage. Loaded Objects now: 4479.
Total: 1.957900 ms (FindLiveObjects: 0.163100 ms CreateObjectMapping: 0.124200 ms MarkObjects: 1.632000 ms  DeleteObjects: 0.038200 ms)

Fewer observations (6) made than vector observation size (214). The observations will be padded.
Unloading 2 Unused Serialized files (Serialized files now loaded: 0)
UnloadTime: 0.466700 ms
HDR Render Texture not supported, disabling HDR on reflection probe.
Unloading 23 unused Assets to reduce memory usage. Loaded Objects now: 4479.
Total: 2.122800 ms (FindLiveObjects: 0.167500 ms CreateObjectMapping: 0.157700 ms MarkObjects: 1.758100 ms  DeleteObjects: 0.039300 ms)

Fewer observations (6) made than vector observation size (214). The observations will be padded.
Unloading 2 Unused Serialized files (Serialized files now loaded: 0)
UnloadTime: 0.485500 ms
HDR Render Texture not supported, disabling HDR on reflection probe.
Unloading 23 unused Assets to reduce memory usage. Loaded Objects now: 4479.
Total: 1.842100 ms (FindLiveObjects: 0.163700 ms CreateObjectMapping: 0.082400 ms MarkObjects: 1.559900 ms  DeleteObjects: 0.036000 ms)

Fewer observations (6) made than vector observation size (214). The observations will be padded.
Unloading 2 Unused Serialized files (Serialized files now loaded: 0)
UnloadTime: 0.506300 ms
HDR Render Texture not supported, disabling HDR on reflection probe.
Unloading 23 unused Assets to reduce memory usage. Loaded Objects now: 4479.
Total: 1.877900 ms (FindLiveObjects: 0.163000 ms CreateObjectMapping: 0.132400 ms MarkObjects: 1.546100 ms  DeleteObjects: 0.036200 ms)

Fewer observations (6) made than vector observation size (214). The observations will be padded.
Unloading 2 Unused Serialized files (Serialized files now loaded: 0)
UnloadTime: 0.493800 ms
HDR Render Texture not supported, disabling HDR on reflection probe.
Unloading 23 unused Assets to reduce memory usage. Loaded Objects now: 4479.
Total: 1.920500 ms (FindLiveObjects: 0.167500 ms CreateObjectMapping: 0.154800 ms MarkObjects: 1.561200 ms  DeleteObjects: 0.037000 ms)

Fewer observations (6) made than vector observation size (214). The observations will be padded.
Unloading 2 Unused Serialized files (Serialized files now loaded: 0)
UnloadTime: 0.472400 ms
HDR Render Texture not supported, disabling HDR on reflection probe.
Unloading 23 unused Assets to reduce memory usage. Loaded Objects now: 4479.
Total: 1.949700 ms (FindLiveObjects: 0.159700 ms CreateObjectMapping: 0.130500 ms MarkObjects: 1.617700 ms  DeleteObjects: 0.041500 ms)

Fewer observations (6) made than vector observation size (214). The observations will be padded.
Unloading 2 Unused Serialized files (Serialized files now loaded: 0)
UnloadTime: 0.454600 ms
HDR Render Texture not supported, disabling HDR on reflection probe.
Unloading 23 unused Assets to reduce memory usage. Loaded Objects now: 4479.
Total: 1.729400 ms (FindLiveObjects: 0.159500 ms CreateObjectMapping: 0.080700 ms MarkObjects: 1.453100 ms  DeleteObjects: 0.036000 ms)

Fewer observations (6) made than vector observation size (214). The observations will be padded.
Unloading 2 Unused Serialized files (Serialized files now loaded: 0)
UnloadTime: 0.462500 ms
HDR Render Texture not supported, disabling HDR on reflection probe.
Unloading 23 unused Assets to reduce memory usage. Loaded Objects now: 4479.
Total: 1.881700 ms (FindLiveObjects: 0.159400 ms CreateObjectMapping: 0.132100 ms MarkObjects: 1.558000 ms  DeleteObjects: 0.032000 ms)

Fewer observations (6) made than vector observation size (214). The observations will be padded.
Unloading 2 Unused Serialized files (Serialized files now loaded: 0)
UnloadTime: 0.557700 ms
HDR Render Texture not supported, disabling HDR on reflection probe.
Unloading 23 unused Assets to reduce memory usage. Loaded Objects now: 4479.
Total: 2.181100 ms (FindLiveObjects: 0.173700 ms CreateObjectMapping: 0.168200 ms MarkObjects: 1.799900 ms  DeleteObjects: 0.039200 ms)

Fewer observations (6) made than vector observation size (214). The observations will be padded.
Unloading 2 Unused Serialized files (Serialized files now loaded: 0)
UnloadTime: 0.482300 ms
HDR Render Texture not supported, disabling HDR on reflection probe.
Unloading 23 unused Assets to reduce memory usage. Loaded Objects now: 4479.
Total: 1.881000 ms (FindLiveObjects: 0.158800 ms CreateObjectMapping: 0.115500 ms MarkObjects: 1.570500 ms  DeleteObjects: 0.036000 ms)

Fewer observations (6) made than vector observation size (214). The observations will be padded.
Unloading 2 Unused Serialized files (Serialized files now loaded: 0)
UnloadTime: 0.474200 ms
HDR Render Texture not supported, disabling HDR on reflection probe.
Unloading 23 unused Assets to reduce memory usage. Loaded Objects now: 4479.
Total: 1.876200 ms (FindLiveObjects: 0.160200 ms CreateObjectMapping: 0.123300 ms MarkObjects: 1.555900 ms  DeleteObjects: 0.036700 ms)

Fewer observations (6) made than vector observation size (214). The observations will be padded.
Unloading 2 Unused Serialized files (Serialized files now loaded: 0)
UnloadTime: 0.475200 ms
HDR Render Texture not supported, disabling HDR on reflection probe.
Unloading 23 unused Assets to reduce memory usage. Loaded Objects now: 4479.
Total: 1.917800 ms (FindLiveObjects: 0.158600 ms CreateObjectMapping: 0.117800 ms MarkObjects: 1.605300 ms  DeleteObjects: 0.035800 ms)

Fewer observations (6) made than vector observation size (214). The observations will be padded.
Unloading 2 Unused Serialized files (Serialized files now loaded: 0)
UnloadTime: 0.485000 ms
HDR Render Texture not supported, disabling HDR on reflection probe.
Unloading 23 unused Assets to reduce memory usage. Loaded Objects now: 4479.
Total: 1.889800 ms (FindLiveObjects: 0.161600 ms CreateObjectMapping: 0.119500 ms MarkObjects: 1.571500 ms  DeleteObjects: 0.037000 ms)

Fewer observations (6) made than vector observation size (214). The observations will be padded.
Unloading 2 Unused Serialized files (Serialized files now loaded: 0)
UnloadTime: 0.481100 ms
HDR Render Texture not supported, disabling HDR on reflection probe.
Unloading 23 unused Assets to reduce memory usage. Loaded Objects now: 4479.
Total: 1.876900 ms (FindLiveObjects: 0.162100 ms CreateObjectMapping: 0.127200 ms MarkObjects: 1.551300 ms  DeleteObjects: 0.036200 ms)

Fewer observations (6) made than vector observation size (214). The observations will be padded.
Unloading 2 Unused Serialized files (Serialized files now loaded: 0)
UnloadTime: 0.515300 ms
HDR Render Texture not supported, disabling HDR on reflection probe.
Unloading 23 unused Assets to reduce memory usage. Loaded Objects now: 4479.
Total: 2.073100 ms (FindLiveObjects: 0.176200 ms CreateObjectMapping: 0.172700 ms MarkObjects: 1.686000 ms  DeleteObjects: 0.038100 ms)

Fewer observations (6) made than vector observation size (214). The observations will be padded.
Unloading 2 Unused Serialized files (Serialized files now loaded: 0)
UnloadTime: 0.456700 ms
HDR Render Texture not supported, disabling HDR on reflection probe.
Unloading 23 unused Assets to reduce memory usage. Loaded Objects now: 4479.
Total: 2.249400 ms (FindLiveObjects: 0.201800 ms CreateObjectMapping: 0.092100 ms MarkObjects: 1.902600 ms  DeleteObjects: 0.052700 ms)

Fewer observations (6) made than vector observation size (214). The observations will be padded.
Unloading 2 Unused Serialized files (Serialized files now loaded: 0)
UnloadTime: 0.464000 ms
HDR Render Texture not supported, disabling HDR on reflection probe.
Unloading 23 unused Assets to reduce memory usage. Loaded Objects now: 4479.
Total: 1.912800 ms (FindLiveObjects: 0.161600 ms CreateObjectMapping: 0.141500 ms MarkObjects: 1.574100 ms  DeleteObjects: 0.035400 ms)

Fewer observations (6) made than vector observation size (214). The observations will be padded.
Unloading 2 Unused Serialized files (Serialized files now loaded: 0)
UnloadTime: 0.488200 ms
HDR Render Texture not supported, disabling HDR on reflection probe.
Unloading 23 unused Assets to reduce memory usage. Loaded Objects now: 4479.
Total: 2.160900 ms (FindLiveObjects: 0.161600 ms CreateObjectMapping: 0.124600 ms MarkObjects: 1.836900 ms  DeleteObjects: 0.037700 ms)

Fewer observations (6) made than vector observation size (214). The observations will be padded.
Unloading 2 Unused Serialized files (Serialized files now loaded: 0)
UnloadTime: 0.527300 ms
HDR Render Texture not supported, disabling HDR on reflection probe.
Unloading 23 unused Assets to reduce memory usage. Loaded Objects now: 4479.
Total: 2.305400 ms (FindLiveObjects: 0.254400 ms CreateObjectMapping: 0.251700 ms MarkObjects: 1.753100 ms  DeleteObjects: 0.046100 ms)

Fewer observations (6) made than vector observation size (214). The observations will be padded.
Unloading 2 Unused Serialized files (Serialized files now loaded: 0)
UnloadTime: 0.470300 ms
HDR Render Texture not supported, disabling HDR on reflection probe.
Unloading 23 unused Assets to reduce memory usage. Loaded Objects now: 4479.
Total: 2.476500 ms (FindLiveObjects: 0.187800 ms CreateObjectMapping: 0.207200 ms MarkObjects: 2.035700 ms  DeleteObjects: 0.045600 ms)

Fewer observations (6) made than vector observation size (214). The observations will be padded.
Unloading 2 Unused Serialized files (Serialized files now loaded: 0)
UnloadTime: 0.499400 ms
HDR Render Texture not supported, disabling HDR on reflection probe.
Unloading 23 unused Assets to reduce memory usage. Loaded Objects now: 4479.
Total: 2.260000 ms (FindLiveObjects: 0.192400 ms CreateObjectMapping: 0.146100 ms MarkObjects: 1.882500 ms  DeleteObjects: 0.038700 ms)

Fewer observations (6) made than vector observation size (214). The observations will be padded.
Unloading 2 Unused Serialized files (Serialized files now loaded: 0)
UnloadTime: 0.482200 ms
HDR Render Texture not supported, disabling HDR on reflection probe.
Unloading 23 unused Assets to reduce memory usage. Loaded Objects now: 4479.
Total: 1.919100 ms (FindLiveObjects: 0.168600 ms CreateObjectMapping: 0.138100 ms MarkObjects: 1.575100 ms  DeleteObjects: 0.037100 ms)

Fewer observations (6) made than vector observation size (214). The observations will be padded.
Unloading 2 Unused Serialized files (Serialized files now loaded: 0)
UnloadTime: 0.510400 ms
HDR Render Texture not supported, disabling HDR on reflection probe.
Unloading 23 unused Assets to reduce memory usage. Loaded Objects now: 4479.
Total: 1.948100 ms (FindLiveObjects: 0.162500 ms CreateObjectMapping: 0.121200 ms MarkObjects: 1.626000 ms  DeleteObjects: 0.038300 ms)

Fewer observations (6) made than vector observation size (214). The observations will be padded.
Unloading 2 Unused Serialized files (Serialized files now loaded: 0)
UnloadTime: 0.484900 ms
HDR Render Texture not supported, disabling HDR on reflection probe.
Unloading 23 unused Assets to reduce memory usage. Loaded Objects now: 4479.
Total: 1.887000 ms (FindLiveObjects: 0.159900 ms CreateObjectMapping: 0.125200 ms MarkObjects: 1.565200 ms  DeleteObjects: 0.036500 ms)

Fewer observations (6) made than vector observation size (214). The observations will be padded.
Unloading 2 Unused Serialized files (Serialized files now loaded: 0)
UnloadTime: 0.480400 ms
HDR Render Texture not supported, disabling HDR on reflection probe.
Unloading 23 unused Assets to reduce memory usage. Loaded Objects now: 4479.
Total: 1.927400 ms (FindLiveObjects: 0.162400 ms CreateObjectMapping: 0.147000 ms MarkObjects: 1.579700 ms  DeleteObjects: 0.038000 ms)

Fewer observations (6) made than vector observation size (214). The observations will be padded.
Unloading 2 Unused Serialized files (Serialized files now loaded: 0)
UnloadTime: 0.489500 ms
HDR Render Texture not supported, disabling HDR on reflection probe.
Unloading 23 unused Assets to reduce memory usage. Loaded Objects now: 4479.
Total: 1.924700 ms (FindLiveObjects: 0.166800 ms CreateObjectMapping: 0.134100 ms MarkObjects: 1.581000 ms  DeleteObjects: 0.042700 ms)

Fewer observations (6) made than vector observation size (214). The observations will be padded.
Unloading 2 Unused Serialized files (Serialized files now loaded: 0)
UnloadTime: 0.481000 ms
HDR Render Texture not supported, disabling HDR on reflection probe.
Unloading 23 unused Assets to reduce memory usage. Loaded Objects now: 4479.
Total: 1.959400 ms (FindLiveObjects: 0.164600 ms CreateObjectMapping: 0.139700 ms MarkObjects: 1.613100 ms  DeleteObjects: 0.041900 ms)

Fewer observations (6) made than vector observation size (214). The observations will be padded.
Unloading 2 Unused Serialized files (Serialized files now loaded: 0)
UnloadTime: 0.477700 ms
HDR Render Texture not supported, disabling HDR on reflection probe.
Unloading 23 unused Assets to reduce memory usage. Loaded Objects now: 4479.
Total: 2.405300 ms (FindLiveObjects: 0.170500 ms CreateObjectMapping: 0.089000 ms MarkObjects: 2.096700 ms  DeleteObjects: 0.049000 ms)

Fewer observations (6) made than vector observation size (214). The observations will be padded.
Unloading 2 Unused Serialized files (Serialized files now loaded: 0)
UnloadTime: 0.522500 ms
HDR Render Texture not supported, disabling HDR on reflection probe.
Unloading 23 unused Assets to reduce memory usage. Loaded Objects now: 4479.
Total: 1.896300 ms (FindLiveObjects: 0.163700 ms CreateObjectMapping: 0.133500 ms MarkObjects: 1.561800 ms  DeleteObjects: 0.037300 ms)

Fewer observations (6) made than vector observation size (214). The observations will be padded.
Unloading 2 Unused Serialized files (Serialized files now loaded: 0)
UnloadTime: 0.469600 ms
HDR Render Texture not supported, disabling HDR on reflection probe.
Unloading 23 unused Assets to reduce memory usage. Loaded Objects now: 4479.
Total: 1.963800 ms (FindLiveObjects: 0.161400 ms CreateObjectMapping: 0.131600 ms MarkObjects: 1.634900 ms  DeleteObjects: 0.035700 ms)

Fewer observations (6) made than vector observation size (214). The observations will be padded.
Unloading 2 Unused Serialized files (Serialized files now loaded: 0)
UnloadTime: 0.535400 ms
HDR Render Texture not supported, disabling HDR on reflection probe.
Unloading 23 unused Assets to reduce memory usage. Loaded Objects now: 4479.
Total: 1.992800 ms (FindLiveObjects: 0.167200 ms CreateObjectMapping: 0.128600 ms MarkObjects: 1.657600 ms  DeleteObjects: 0.039300 ms)

Fewer observations (6) made than vector observation size (214). The observations will be padded.
Unloading 2 Unused Serialized files (Serialized files now loaded: 0)
UnloadTime: 0.440800 ms
HDR Render Texture not supported, disabling HDR on reflection probe.
Unloading 23 unused Assets to reduce memory usage. Loaded Objects now: 4479.
Total: 2.007500 ms (FindLiveObjects: 0.160100 ms CreateObjectMapping: 0.121500 ms MarkObjects: 1.688300 ms  DeleteObjects: 0.037500 ms)

Fewer observations (6) made than vector observation size (214). The observations will be padded.
Unloading 2 Unused Serialized files (Serialized files now loaded: 0)
UnloadTime: 0.472700 ms
HDR Render Texture not supported, disabling HDR on reflection probe.
Unloading 23 unused Assets to reduce memory usage. Loaded Objects now: 4479.
Total: 1.974700 ms (FindLiveObjects: 0.227800 ms CreateObjectMapping: 0.107600 ms MarkObjects: 1.601800 ms  DeleteObjects: 0.037200 ms)

Fewer observations (6) made than vector observation size (214). The observations will be padded.
Unloading 2 Unused Serialized files (Serialized files now loaded: 0)
UnloadTime: 0.524300 ms
HDR Render Texture not supported, disabling HDR on reflection probe.
Unloading 23 unused Assets to reduce memory usage. Loaded Objects now: 4479.
Total: 1.998800 ms (FindLiveObjects: 0.160500 ms CreateObjectMapping: 0.132500 ms MarkObjects: 1.668600 ms  DeleteObjects: 0.036900 ms)

Fewer observations (6) made than vector observation size (214). The observations will be padded.
Unloading 2 Unused Serialized files (Serialized files now loaded: 0)
UnloadTime: 0.476300 ms
HDR Render Texture not supported, disabling HDR on reflection probe.
Unloading 23 unused Assets to reduce memory usage. Loaded Objects now: 4479.
Total: 2.094300 ms (FindLiveObjects: 0.158600 ms CreateObjectMapping: 0.118100 ms MarkObjects: 1.777600 ms  DeleteObjects: 0.039900 ms)

Fewer observations (6) made than vector observation size (214). The observations will be padded.
Unloading 2 Unused Serialized files (Serialized files now loaded: 0)
UnloadTime: 0.461700 ms
HDR Render Texture not supported, disabling HDR on reflection probe.
Unloading 23 unused Assets to reduce memory usage. Loaded Objects now: 4479.
Total: 1.888300 ms (FindLiveObjects: 0.161200 ms CreateObjectMapping: 0.120000 ms MarkObjects: 1.556300 ms  DeleteObjects: 0.050800 ms)

Fewer observations (6) made than vector observation size (214). The observations will be padded.
Unloading 2 Unused Serialized files (Serialized files now loaded: 0)
UnloadTime: 0.464000 ms
HDR Render Texture not supported, disabling HDR on reflection probe.
Unloading 23 unused Assets to reduce memory usage. Loaded Objects now: 4479.
Total: 2.258700 ms (FindLiveObjects: 0.159500 ms CreateObjectMapping: 0.127000 ms MarkObjects: 1.930100 ms  DeleteObjects: 0.042100 ms)

Fewer observations (6) made than vector observation size (214). The observations will be padded.
Unloading 2 Unused Serialized files (Serialized files now loaded: 0)
UnloadTime: 0.480100 ms
HDR Render Texture not supported, disabling HDR on reflection probe.
Unloading 23 unused Assets to reduce memory usage. Loaded Objects now: 4479.
Total: 2.156100 ms (FindLiveObjects: 0.163900 ms CreateObjectMapping: 0.144000 ms MarkObjects: 1.808800 ms  DeleteObjects: 0.039100 ms)

Fewer observations (6) made than vector observation size (214). The observations will be padded.
Unloading 2 Unused Serialized files (Serialized files now loaded: 0)
UnloadTime: 0.451300 ms
HDR Render Texture not supported, disabling HDR on reflection probe.
Unloading 23 unused Assets to reduce memory usage. Loaded Objects now: 4479.
Total: 1.944900 ms (FindLiveObjects: 0.203700 ms CreateObjectMapping: 0.117900 ms MarkObjects: 1.584800 ms  DeleteObjects: 0.038300 ms)

Fewer observations (6) made than vector observation size (214). The observations will be padded.
Unloading 2 Unused Serialized files (Serialized files now loaded: 0)
UnloadTime: 0.483600 ms
HDR Render Texture not supported, disabling HDR on reflection probe.
Unloading 23 unused Assets to reduce memory usage. Loaded Objects now: 4479.
Total: 2.188400 ms (FindLiveObjects: 0.190900 ms CreateObjectMapping: 0.184300 ms MarkObjects: 1.772500 ms  DeleteObjects: 0.040600 ms)

Fewer observations (6) made than vector observation size (214). The observations will be padded.
Unloading 2 Unused Serialized files (Serialized files now loaded: 0)
UnloadTime: 0.467400 ms
HDR Render Texture not supported, disabling HDR on reflection probe.
Unloading 23 unused Assets to reduce memory usage. Loaded Objects now: 4479.
Total: 1.873600 ms (FindLiveObjects: 0.160100 ms CreateObjectMapping: 0.119600 ms MarkObjects: 1.556700 ms  DeleteObjects: 0.036900 ms)

Fewer observations (6) made than vector observation size (214). The observations will be padded.
Unloading 2 Unused Serialized files (Serialized files now loaded: 0)
UnloadTime: 0.492900 ms
HDR Render Texture not supported, disabling HDR on reflection probe.
Unloading 23 unused Assets to reduce memory usage. Loaded Objects now: 4479.
Total: 1.960300 ms (FindLiveObjects: 0.169900 ms CreateObjectMapping: 0.156200 ms MarkObjects: 1.596700 ms  DeleteObjects: 0.037400 ms)

Fewer observations (6) made than vector observation size (214). The observations will be padded.
Unloading 2 Unused Serialized files (Serialized files now loaded: 0)
UnloadTime: 0.465000 ms
HDR Render Texture not supported, disabling HDR on reflection probe.
Unloading 23 unused Assets to reduce memory usage. Loaded Objects now: 4479.
Total: 2.110200 ms (FindLiveObjects: 0.167500 ms CreateObjectMapping: 0.148200 ms MarkObjects: 1.758000 ms  DeleteObjects: 0.036400 ms)

Fewer observations (6) made than vector observation size (214). The observations will be padded.
Unloading 2 Unused Serialized files (Serialized files now loaded: 0)
UnloadTime: 0.480600 ms
HDR Render Texture not supported, disabling HDR on reflection probe.
Unloading 23 unused Assets to reduce memory usage. Loaded Objects now: 4479.
Total: 2.046300 ms (FindLiveObjects: 0.239700 ms CreateObjectMapping: 0.206900 ms MarkObjects: 1.561100 ms  DeleteObjects: 0.038300 ms)

Fewer observations (6) made than vector observation size (214). The observations will be padded.
Unloading 2 Unused Serialized files (Serialized files now loaded: 0)
UnloadTime: 0.461700 ms
HDR Render Texture not supported, disabling HDR on reflection probe.
Unloading 23 unused Assets to reduce memory usage. Loaded Objects now: 4479.
Total: 2.247500 ms (FindLiveObjects: 0.291300 ms CreateObjectMapping: 0.206000 ms MarkObjects: 1.711100 ms  DeleteObjects: 0.038800 ms)

Fewer observations (6) made than vector observation size (214). The observations will be padded.
Unloading 2 Unused Serialized files (Serialized files now loaded: 0)
UnloadTime: 0.487800 ms
HDR Render Texture not supported, disabling HDR on reflection probe.
Unloading 23 unused Assets to reduce memory usage. Loaded Objects now: 4479.
Total: 1.992500 ms (FindLiveObjects: 0.162600 ms CreateObjectMapping: 0.137900 ms MarkObjects: 1.652800 ms  DeleteObjects: 0.039000 ms)

Fewer observations (6) made than vector observation size (214). The observations will be padded.
Unloading 2 Unused Serialized files (Serialized files now loaded: 0)
UnloadTime: 0.477000 ms
HDR Render Texture not supported, disabling HDR on reflection probe.
Unloading 23 unused Assets to reduce memory usage. Loaded Objects now: 4479.
Total: 2.035600 ms (FindLiveObjects: 0.161300 ms CreateObjectMapping: 0.128700 ms MarkObjects: 1.707400 ms  DeleteObjects: 0.038000 ms)

Fewer observations (6) made than vector observation size (214). The observations will be padded.
Unloading 2 Unused Serialized files (Serialized files now loaded: 0)
UnloadTime: 0.463100 ms
HDR Render Texture not supported, disabling HDR on reflection probe.
Unloading 23 unused Assets to reduce memory usage. Loaded Objects now: 4479.
Total: 1.880700 ms (FindLiveObjects: 0.161400 ms CreateObjectMapping: 0.130800 ms MarkObjects: 1.551200 ms  DeleteObjects: 0.037100 ms)

Fewer observations (6) made than vector observation size (214). The observations will be padded.
Unloading 2 Unused Serialized files (Serialized files now loaded: 0)
UnloadTime: 0.487200 ms
HDR Render Texture not supported, disabling HDR on reflection probe.
Unloading 23 unused Assets to reduce memory usage. Loaded Objects now: 4479.
Total: 1.958000 ms (FindLiveObjects: 0.161600 ms CreateObjectMapping: 0.137600 ms MarkObjects: 1.622600 ms  DeleteObjects: 0.036100 ms)

Fewer observations (6) made than vector observation size (214). The observations will be padded.
Unloading 2 Unused Serialized files (Serialized files now loaded: 0)
UnloadTime: 0.460600 ms
HDR Render Texture not supported, disabling HDR on reflection probe.
Unloading 23 unused Assets to reduce memory usage. Loaded Objects now: 4479.
Total: 1.965600 ms (FindLiveObjects: 0.166500 ms CreateObjectMapping: 0.142100 ms MarkObjects: 1.618900 ms  DeleteObjects: 0.037900 ms)

Fewer observations (6) made than vector observation size (214). The observations will be padded.
Unloading 2 Unused Serialized files (Serialized files now loaded: 0)
UnloadTime: 0.459600 ms
HDR Render Texture not supported, disabling HDR on reflection probe.
Unloading 23 unused Assets to reduce memory usage. Loaded Objects now: 4479.
Total: 1.921200 ms (FindLiveObjects: 0.159900 ms CreateObjectMapping: 0.129700 ms MarkObjects: 1.593600 ms  DeleteObjects: 0.037800 ms)

Fewer observations (6) made than vector observation size (214). The observations will be padded.
Unloading 2 Unused Serialized files (Serialized files now loaded: 0)
UnloadTime: 0.460500 ms
HDR Render Texture not supported, disabling HDR on reflection probe.
Unloading 23 unused Assets to reduce memory usage. Loaded Objects now: 4479.
Total: 1.923800 ms (FindLiveObjects: 0.159600 ms CreateObjectMapping: 0.134700 ms MarkObjects: 1.594100 ms  DeleteObjects: 0.035200 ms)

Fewer observations (6) made than vector observation size (214). The observations will be padded.
Unloading 2 Unused Serialized files (Serialized files now loaded: 0)
UnloadTime: 0.469100 ms
HDR Render Texture not supported, disabling HDR on reflection probe.
Unloading 23 unused Assets to reduce memory usage. Loaded Objects now: 4479.
Total: 1.964800 ms (FindLiveObjects: 0.160700 ms CreateObjectMapping: 0.127100 ms MarkObjects: 1.638800 ms  DeleteObjects: 0.038100 ms)

Fewer observations (6) made than vector observation size (214). The observations will be padded.
Unloading 2 Unused Serialized files (Serialized files now loaded: 0)
UnloadTime: 0.470300 ms
HDR Render Texture not supported, disabling HDR on reflection probe.
Unloading 23 unused Assets to reduce memory usage. Loaded Objects now: 4479.
Total: 1.892400 ms (FindLiveObjects: 0.160600 ms CreateObjectMapping: 0.124300 ms MarkObjects: 1.569300 ms  DeleteObjects: 0.037900 ms)

Fewer observations (6) made than vector observation size (214). The observations will be padded.
Unloading 2 Unused Serialized files (Serialized files now loaded: 0)
UnloadTime: 0.471700 ms
HDR Render Texture not supported, disabling HDR on reflection probe.
Unloading 23 unused Assets to reduce memory usage. Loaded Objects now: 4479.
Total: 1.907600 ms (FindLiveObjects: 0.163100 ms CreateObjectMapping: 0.120300 ms MarkObjects: 1.586300 ms  DeleteObjects: 0.037800 ms)

Fewer observations (6) made than vector observation size (214). The observations will be padded.
Unloading 2 Unused Serialized files (Serialized files now loaded: 0)
UnloadTime: 0.477600 ms
HDR Render Texture not supported, disabling HDR on reflection probe.
Unloading 23 unused Assets to reduce memory usage. Loaded Objects now: 4479.
Total: 2.845300 ms (FindLiveObjects: 0.179400 ms CreateObjectMapping: 0.125500 ms MarkObjects: 2.503200 ms  DeleteObjects: 0.037200 ms)

Fewer observations (6) made than vector observation size (214). The observations will be padded.
Unloading 2 Unused Serialized files (Serialized files now loaded: 0)
UnloadTime: 0.480800 ms
HDR Render Texture not supported, disabling HDR on reflection probe.
Unloading 23 unused Assets to reduce memory usage. Loaded Objects now: 4479.
Total: 2.004800 ms (FindLiveObjects: 0.163800 ms CreateObjectMapping: 0.151200 ms MarkObjects: 1.652700 ms  DeleteObjects: 0.037100 ms)

Fewer observations (6) made than vector observation size (214). The observations will be padded.
Unloading 2 Unused Serialized files (Serialized files now loaded: 0)
UnloadTime: 0.477900 ms
HDR Render Texture not supported, disabling HDR on reflection probe.
Unloading 23 unused Assets to reduce memory usage. Loaded Objects now: 4479.
Total: 2.049500 ms (FindLiveObjects: 0.172800 ms CreateObjectMapping: 0.149800 ms MarkObjects: 1.682000 ms  DeleteObjects: 0.044700 ms)

Fewer observations (6) made than vector observation size (214). The observations will be padded.
Unloading 2 Unused Serialized files (Serialized files now loaded: 0)
UnloadTime: 0.503400 ms
HDR Render Texture not supported, disabling HDR on reflection probe.
Unloading 23 unused Assets to reduce memory usage. Loaded Objects now: 4479.
Total: 1.938000 ms (FindLiveObjects: 0.163800 ms CreateObjectMapping: 0.127300 ms MarkObjects: 1.595100 ms  DeleteObjects: 0.051700 ms)

Fewer observations (6) made than vector observation size (214). The observations will be padded.
Unloading 2 Unused Serialized files (Serialized files now loaded: 0)
UnloadTime: 0.477300 ms
HDR Render Texture not supported, disabling HDR on reflection probe.
Unloading 23 unused Assets to reduce memory usage. Loaded Objects now: 4479.
Total: 2.612800 ms (FindLiveObjects: 0.161800 ms CreateObjectMapping: 0.129000 ms MarkObjects: 2.284900 ms  DeleteObjects: 0.036900 ms)

Fewer observations (6) made than vector observation size (214). The observations will be padded.
Unloading 2 Unused Serialized files (Serialized files now loaded: 0)
UnloadTime: 0.460400 ms
HDR Render Texture not supported, disabling HDR on reflection probe.
Unloading 23 unused Assets to reduce memory usage. Loaded Objects now: 4479.
Total: 1.998900 ms (FindLiveObjects: 0.160000 ms CreateObjectMapping: 0.125300 ms MarkObjects: 1.677200 ms  DeleteObjects: 0.036400 ms)

Fewer observations (6) made than vector observation size (214). The observations will be padded.
Unloading 2 Unused Serialized files (Serialized files now loaded: 0)
UnloadTime: 0.480100 ms
HDR Render Texture not supported, disabling HDR on reflection probe.
Unloading 23 unused Assets to reduce memory usage. Loaded Objects now: 4479.
Total: 1.990500 ms (FindLiveObjects: 0.160900 ms CreateObjectMapping: 0.126900 ms MarkObjects: 1.664300 ms  DeleteObjects: 0.038200 ms)

Fewer observations (6) made than vector observation size (214). The observations will be padded.
Unloading 2 Unused Serialized files (Serialized files now loaded: 0)
UnloadTime: 0.484100 ms
HDR Render Texture not supported, disabling HDR on reflection probe.
Unloading 23 unused Assets to reduce memory usage. Loaded Objects now: 4479.
Total: 2.177300 ms (FindLiveObjects: 0.167700 ms CreateObjectMapping: 0.163100 ms MarkObjects: 1.802500 ms  DeleteObjects: 0.044000 ms)

Fewer observations (6) made than vector observation size (214). The observations will be padded.
Unloading 2 Unused Serialized files (Serialized files now loaded: 0)
UnloadTime: 0.601900 ms
HDR Render Texture not supported, disabling HDR on reflection probe.
Unloading 23 unused Assets to reduce memory usage. Loaded Objects now: 4479.
Total: 1.910600 ms (FindLiveObjects: 0.163200 ms CreateObjectMapping: 0.129800 ms MarkObjects: 1.580000 ms  DeleteObjects: 0.037300 ms)

Fewer observations (6) made than vector observation size (214). The observations will be padded.
Unloading 2 Unused Serialized files (Serialized files now loaded: 0)
UnloadTime: 0.486800 ms
HDR Render Texture not supported, disabling HDR on reflection probe.
Unloading 23 unused Assets to reduce memory usage. Loaded Objects now: 4479.
Total: 2.035200 ms (FindLiveObjects: 0.162600 ms CreateObjectMapping: 0.126100 ms MarkObjects: 1.703000 ms  DeleteObjects: 0.043400 ms)

Fewer observations (6) made than vector observation size (214). The observations will be padded.
Unloading 2 Unused Serialized files (Serialized files now loaded: 0)
UnloadTime: 0.461400 ms
HDR Render Texture not supported, disabling HDR on reflection probe.
Unloading 23 unused Assets to reduce memory usage. Loaded Objects now: 4479.
Total: 1.898500 ms (FindLiveObjects: 0.159300 ms CreateObjectMapping: 0.129200 ms MarkObjects: 1.572200 ms  DeleteObjects: 0.037600 ms)

Fewer observations (6) made than vector observation size (214). The observations will be padded.
Unloading 2 Unused Serialized files (Serialized files now loaded: 0)
UnloadTime: 0.470000 ms
HDR Render Texture not supported, disabling HDR on reflection probe.
Unloading 23 unused Assets to reduce memory usage. Loaded Objects now: 4479.
Total: 1.991400 ms (FindLiveObjects: 0.161900 ms CreateObjectMapping: 0.137700 ms MarkObjects: 1.654800 ms  DeleteObjects: 0.037000 ms)

Fewer observations (6) made than vector observation size (214). The observations will be padded.
Unloading 2 Unused Serialized files (Serialized files now loaded: 0)
UnloadTime: 0.469300 ms
HDR Render Texture not supported, disabling HDR on reflection probe.
Unloading 23 unused Assets to reduce memory usage. Loaded Objects now: 4479.
Total: 1.989300 ms (FindLiveObjects: 0.160600 ms CreateObjectMapping: 0.126300 ms MarkObjects: 1.666400 ms  DeleteObjects: 0.035900 ms)

Fewer observations (6) made than vector observation size (214). The observations will be padded.
Unloading 2 Unused Serialized files (Serialized files now loaded: 0)
UnloadTime: 0.479800 ms
HDR Render Texture not supported, disabling HDR on reflection probe.
Unloading 23 unused Assets to reduce memory usage. Loaded Objects now: 4479.
Total: 2.151800 ms (FindLiveObjects: 0.171200 ms CreateObjectMapping: 0.148900 ms MarkObjects: 1.771300 ms  DeleteObjects: 0.060300 ms)

Fewer observations (6) made than vector observation size (214). The observations will be padded.
Unloading 2 Unused Serialized files (Serialized files now loaded: 0)
UnloadTime: 0.479100 ms
HDR Render Texture not supported, disabling HDR on reflection probe.
Unloading 23 unused Assets to reduce memory usage. Loaded Objects now: 4479.
Total: 1.920500 ms (FindLiveObjects: 0.173100 ms CreateObjectMapping: 0.136200 ms MarkObjects: 1.574700 ms  DeleteObjects: 0.036200 ms)

Fewer observations (6) made than vector observation size (214). The observations will be padded.
Unloading 2 Unused Serialized files (Serialized files now loaded: 0)
UnloadTime: 0.520800 ms
HDR Render Texture not supported, disabling HDR on reflection probe.
Unloading 23 unused Assets to reduce memory usage. Loaded Objects now: 4479.
Total: 2.144900 ms (FindLiveObjects: 0.169500 ms CreateObjectMapping: 0.156400 ms MarkObjects: 1.773000 ms  DeleteObjects: 0.045800 ms)

Fewer observations (6) made than vector observation size (214). The observations will be padded.
Unloading 2 Unused Serialized files (Serialized files now loaded: 0)
UnloadTime: 0.485300 ms
HDR Render Texture not supported, disabling HDR on reflection probe.
Unloading 23 unused Assets to reduce memory usage. Loaded Objects now: 4479.
Total: 1.923600 ms (FindLiveObjects: 0.158700 ms CreateObjectMapping: 0.124000 ms MarkObjects: 1.602500 ms  DeleteObjects: 0.038300 ms)

Fewer observations (6) made than vector observation size (214). The observations will be padded.
Unloading 2 Unused Serialized files (Serialized files now loaded: 0)
UnloadTime: 0.530400 ms
HDR Render Texture not supported, disabling HDR on reflection probe.
Unloading 23 unused Assets to reduce memory usage. Loaded Objects now: 4479.
Total: 2.195500 ms (FindLiveObjects: 0.166900 ms CreateObjectMapping: 0.142000 ms MarkObjects: 1.844700 ms  DeleteObjects: 0.041700 ms)

Fewer observations (6) made than vector observation size (214). The observations will be padded.
Unloading 2 Unused Serialized files (Serialized files now loaded: 0)
UnloadTime: 0.692600 ms
HDR Render Texture not supported, disabling HDR on reflection probe.
Unloading 23 unused Assets to reduce memory usage. Loaded Objects now: 4479.
Total: 3.279300 ms (FindLiveObjects: 0.312000 ms CreateObjectMapping: 0.279300 ms MarkObjects: 2.626300 ms  DeleteObjects: 0.061500 ms)

Fewer observations (6) made than vector observation size (214). The observations will be padded.
Unloading 2 Unused Serialized files (Serialized files now loaded: 0)
UnloadTime: 0.477600 ms
HDR Render Texture not supported, disabling HDR on reflection probe.
Unloading 23 unused Assets to reduce memory usage. Loaded Objects now: 4479.
Total: 2.087000 ms (FindLiveObjects: 0.162700 ms CreateObjectMapping: 0.126200 ms MarkObjects: 1.750800 ms  DeleteObjects: 0.047200 ms)

Fewer observations (6) made than vector observation size (214). The observations will be padded.
Unloading 2 Unused Serialized files (Serialized files now loaded: 0)
UnloadTime: 0.531100 ms
HDR Render Texture not supported, disabling HDR on reflection probe.
Unloading 23 unused Assets to reduce memory usage. Loaded Objects now: 4479.
Total: 1.939800 ms (FindLiveObjects: 0.160600 ms CreateObjectMapping: 0.125600 ms MarkObjects: 1.616000 ms  DeleteObjects: 0.037500 ms)

Fewer observations (6) made than vector observation size (214). The observations will be padded.
Unloading 2 Unused Serialized files (Serialized files now loaded: 0)
UnloadTime: 0.476900 ms
HDR Render Texture not supported, disabling HDR on reflection probe.
Unloading 23 unused Assets to reduce memory usage. Loaded Objects now: 4479.
Total: 1.910600 ms (FindLiveObjects: 0.167700 ms CreateObjectMapping: 0.132700 ms MarkObjects: 1.573300 ms  DeleteObjects: 0.036800 ms)

Fewer observations (6) made than vector observation size (214). The observations will be padded.
Unloading 2 Unused Serialized files (Serialized files now loaded: 0)
UnloadTime: 0.504600 ms
HDR Render Texture not supported, disabling HDR on reflection probe.
Unloading 23 unused Assets to reduce memory usage. Loaded Objects now: 4479.
Total: 2.002100 ms (FindLiveObjects: 0.158700 ms CreateObjectMapping: 0.134800 ms MarkObjects: 1.669700 ms  DeleteObjects: 0.038400 ms)

Fewer observations (6) made than vector observation size (214). The observations will be padded.
Unloading 2 Unused Serialized files (Serialized files now loaded: 0)
UnloadTime: 0.491100 ms
HDR Render Texture not supported, disabling HDR on reflection probe.
Unloading 23 unused Assets to reduce memory usage. Loaded Objects now: 4479.
Total: 2.026300 ms (FindLiveObjects: 0.175100 ms CreateObjectMapping: 0.154600 ms MarkObjects: 1.657000 ms  DeleteObjects: 0.039500 ms)

Fewer observations (6) made than vector observation size (214). The observations will be padded.
Unloading 2 Unused Serialized files (Serialized files now loaded: 0)
UnloadTime: 0.482400 ms
HDR Render Texture not supported, disabling HDR on reflection probe.
Unloading 23 unused Assets to reduce memory usage. Loaded Objects now: 4479.
Total: 2.193300 ms (FindLiveObjects: 0.159100 ms CreateObjectMapping: 0.124900 ms MarkObjects: 1.864500 ms  DeleteObjects: 0.044400 ms)

Fewer observations (6) made than vector observation size (214). The observations will be padded.
Unable to save timers to file D:/Document/Unity/Project/Dice/Build/Dice_Data\ML-Agents\Timers\Game_timers.json
[Physics::Module] Cleanup current backned.
[Physics::Module] Id: 0xf2b8ea05
Input System module state changed to: ShutdownInProgress.
Input System polling thread exited.
Input System module state changed to: Shutdown.
